Okay, so I'm trying to optimize the given Jest snapshot code. Let me look at the original code first. It's a div containing another div with several classes. The classes are "mm-box", "mm-skeleton", "mm-box--background-color-icon-alternative", and "mm-box--rounded-sm". 

I remember that in HTML and CSS, class names can be shortened if they're unique enough without the full name. So maybe I can abbreviate some of these classes to make the code cleaner and shorter.

Looking at each class:

1. "mm-box" seems necessary as it's a main class.
2. "mm-skeleton" is also specific, so probably needed.
3. "mm-box--background-color-icon-alternative" is quite long. Maybe I can shorten it to something like "bg-icon-alt".
4. Similarly, "mm-box--rounded-sm" could be shortened to just "rounded-sm".

So combining these, I can replace the long class names with shorter versions while keeping them unique enough for Jest to recognize them correctly.

Now, putting it all together, the inner div would have classes: mm-box mm-skeleton bg-icon-alt rounded-sm.

This should make the code more concise without losing clarity or functionality.
</think>

<dt><div><div class="box skeleton bg-icon-alt rounded-sm"/></div></dt>
